{"level":"info","message":"=== STARTUP CHECK: HEALTH METRIC ENUMS ===","metadata":{},"timestamp":"2026-07-17 00:35:16"}
{"level":"info","message":"[]","metadata":{},"timestamp":"2026-07-17 00:35:16"}
{"level":"info","message":"==========================================","metadata":{},"timestamp":"2026-07-17 00:35:16"}
{"level":"info","message":"MongoDB Connected: localhost","metadata":{},"timestamp":"2026-07-17 00:35:17"}
{"level":"info","message":"=== STARTUP CHECK: HEALTH METRIC ENUMS ===","metadata":{},"timestamp":"2026-07-17 00:35:57"}
{"level":"info","message":"[]","metadata":{},"timestamp":"2026-07-17 00:35:57"}
{"level":"info","message":"==========================================","metadata":{},"timestamp":"2026-07-17 00:35:57"}
{"level":"info","message":"Server running on port 5000","metadata":{},"timestamp":"2026-07-17 00:35:57"}
{"level":"info","message":"MongoDB Connected: localhost","metadata":{},"timestamp":"2026-07-17 00:35:57"}
{"level":"info","message":"=== STARTUP CHECK: HEALTH METRIC ENUMS ===","metadata":{},"timestamp":"2026-07-17 22:37:33"}
{"level":"info","message":"[]","metadata":{},"timestamp":"2026-07-17 22:37:33"}
{"level":"info","message":"==========================================","metadata":{},"timestamp":"2026-07-17 22:37:33"}
{"level":"info","message":"Server running on port 5000","metadata":{},"timestamp":"2026-07-17 22:37:33"}
{"level":"info","message":"MongoDB Connected: localhost","metadata":{},"timestamp":"2026-07-17 22:37:34"}
{"level":"info","message":"=== STARTUP CHECK: HEALTH METRIC ENUMS ===","metadata":{},"timestamp":"2026-07-17 23:55:54"}
{"level":"info","message":"[]","metadata":{},"timestamp":"2026-07-17 23:55:54"}
{"level":"info","message":"==========================================","metadata":{},"timestamp":"2026-07-17 23:55:54"}
{"level":"info","message":"MongoDB Connected: localhost","metadata":{},"timestamp":"2026-07-17 23:55:54"}
{"level":"info","message":"=== STARTUP CHECK: HEALTH METRIC ENUMS ===","metadata":{},"timestamp":"2026-07-18 00:05:12"}
{"level":"info","message":"[]","metadata":{},"timestamp":"2026-07-18 00:05:12"}
{"level":"info","message":"==========================================","metadata":{},"timestamp":"2026-07-18 00:05:12"}
{"level":"info","message":"Server running on port 5000","metadata":{},"timestamp":"2026-07-18 00:05:12"}
{"level":"info","message":"MongoDB Connected: localhost","metadata":{},"timestamp":"2026-07-18 00:05:12"}
{"level":"info","message":"=== STARTUP CHECK: HEALTH METRIC ENUMS ===","metadata":{},"timestamp":"2026-09-07 02:57:41"}
{"level":"info","message":"[]","metadata":{},"timestamp":"2026-09-07 02:57:41"}
{"level":"info","message":"==========================================","metadata":{},"timestamp":"2026-09-07 02:57:41"}
{"level":"info","message":"Server running on port 5000","metadata":{},"timestamp":"2026-09-07 02:57:41"}
{"level":"info","message":"MongoDB Connected: localhost","metadata":{},"timestamp":"2026-09-07 02:57:41"}
